// Jest Snapshot v1, https://goo.gl/fbAQLP

exports[`setup command validation generateErrorMessage should generate error message for every field 1`] = `
"Channel ID can't be empty
User ID can't be empty
Cron syntax error. Validate syntax at this <https://crontab.guru/|this site>.
Message can't be empty
Invalid ID in ignored members
Invalid ID in ignored members
Invalid ID in ignored members"
`;
